<div class="person">
  <div class="name">Aaron Swartz</div>
  <div class="address">aaronsw@example.com</div>
</div>
