<div class="foo">
  <span>1</span>
  <span>2</span>
  <span>3</span>
</div>
