<ul>
  <li class="elt">one</li>
  <li class="elt">two</li>
  <li class="elt">three</li>
</ul>
