<!--FIXME: hquery: replaced root with empty node-->
